[1/138] Chương 1: 初至·全裸验身「一...
[2/138] Chương 2: 初至·全裸验身「二...
[3/138] Chương 3: 天生尤物...
[4/138] Chương 4: 初见夏侯空...
[5/138] Chương 5: 请教官大人破身「一」...
[6/138] Chương 6: 请教官大人破身「二」...
[7/138] Chương 7: 插入淌着处女血的娇穴...
[8/138] Chương 8: 其实，他舒爽得不行...
[9/138] Chương 9: 穴淌初精，破身礼成...
[10/138] Chương 10: 药柱堵精，饮避子汤...
[11/138] Chương 11: 且好生受着...
[12/138] Chương 12: 热帕烫穴，穿调教服...
[13/138] Chương 13: 与夏侯空同床共枕...
[14/138] Chương 14: 破处后的例行检查...
[15/138] Chương 15: 木势入穴，直插宫口...
[16/138] Chương 16: 夹不住木势的惩罚...
[17/138] Chương 17: 请大人赐小女初精...
[18/138] Chương 18: 器具量穴...
[19/138] Chương 19: 穴有多深...
[20/138] Chương 20: 塞进更粗的玉势·量穴宽...
[21/138] Chương 21: 夏侯空的内心...
[22/138] Chương 22: 自己把穴掰开...
[23/138] Chương 23: 查撞胞宫口...
[24/138] Chương 24: 赐精入穴·芳心踌躇...
[25/138] Chương 25: 揣度心思·穴喷初精...
[26/138] Chương 26: 夏侯空亲自按她...
[27/138] Chương 27: 不止同睡，还要玩弄她们的身子...
[28/138] Chương 28: 夏侯空没有摸她...
[29/138] Chương 29: 处女厅·验雏儿...
[30/138] Chương 30: 处女膜的玩法...
[31/138] Chương 31: 回春阁上下无一例外...
[32/138] Chương 32: 四王爷要的人...
[33/138] Chương 33: 一个高级差...
[34/138] Chương 34: 主动求欢...
[35/138] Chương 35: 她欠调教...
[36/138] Chương 36: 如何罚她...
[37/138] Chương 37: 用你的穴，把它含进去...
[38/138] Chương 38: 胞宫被他紧紧顶了上去...
[39/138] Chương 39: 穴涌浓浆，花苞被涂...
[40/138] Chương 40: 用他的精浆除阴...
[41/138] Chương 41: 亲眼目睹别人被调教...
[42/138] Chương 42: 干翻这朵小娇花...
[43/138] Chương 43: 在调教椅上被开穴...
[44/138] Chương 44: 你自己看，都鼓起来了...
[45/138] Chương 45: 缩阴调教·司以扬进来过吗...
[46/138] Chương 46: 怎么又夹紧了，放松...
[47/138] Chương 47: 以为是她的血...
[48/138] Chương 48: 躺下，腿张开...
[49/138] Chương 49: 紧穴的福祸·瞧着睡颜就想拥他入怀...
[50/138] Chương 50: 各怀心事...
[51/138] Chương 51: 抚平心弦·旋转插穴...
[52/138] Chương 52: 待她与别的女奴不同...
[53/138] Chương 53: 想多闻闻她的香味...
[54/138] Chương 54: 就是不开口求他操她...
[55/138] Chương 55: 她还太嫩...
[56/138] Chương 56: 求大人……插倪若...
[57/138] Chương 57: 插哪里？...
[58/138] Chương 58: 出调教部的条件...
[59/138] Chương 59: 全院的人都会去围观...
[60/138] Chương 60: 看见她漂亮奶子的瞬...
[61/138] Chương 61: 你平日里也是这般求...
[62/138] Chương 62: 小嫩洞里的大棒子...
[63/138] Chương 63: 为他留着...
[64/138] Chương 64: 第一次湿得这么快...
[65/138] Chương 65: 夹葡萄比试·用力捅小洞...
[66/138] Chương 66: 他又没能把持住...
[67/138] Chương 67: 他看她看得出了神...
[68/138] Chương 68: 宫口这么快就被操开了...
[69/138] Chương 69: 反正你也不是处了...
[70/138] Chương 70: 回春阁派人来寻你了...
[71/138] Chương 71: 他的宝贝·大人插深点...
[72/138] Chương 72: 戳入胞宫·别急，换个地方继续干你...
[73/138] Chương 73: 冒犯夏侯空·感觉……是欲仙欲死...
[74/138] Chương 74: 轻易为她提心吊胆·让我看看你恢复得如何...
[75/138] Chương 75: 【情人节番外 一 】夏侯空的情人节礼物...
[76/138] Chương 76: 【情人节番外 二 】跳蛋顶在宫口...
[77/138] Chương 77: 会让你舒服的·冰块PLAY...
[78/138] Chương 78: 这回直接用嘴...
[79/138] Chương 79: 含不进去就用手·她也会惦记他...
[80/138] Chương 80: 丰乳膏·穿乳环...
[81/138] Chương 81: 把夏侯空吹射的决胜招数...
[82/138] Chương 82: 晋升失败的惩罚...
[83/138] Chương 83: 你全吞下去了？...
[84/138] Chương 84: 是大人的……在操倪若的胞宫...
[85/138] Chương 85: 把她调到自己房中调教·晋升考官 严大人...
[86/138] Chương 86: 晋升考核一...
[87/138] Chương 87: 晋升考核三...
[88/138] Chương 88: 晋升考核四...
[89/138] Chương 89: 晋升考核五...
[90/138] Chương 90: 初女考核七...
[91/138] Chương 91: 司以扬摸你哪了？！...
[92/138] Chương 92: 提到他，吸得这么紧？...
[93/138] Chương 93: 合格的教官不该对女奴动情...
[94/138] Chương 94: 夏侯空送的生辰贺礼...
[95/138] Chương 95: 穴口盛不下的浓精流出·夏侯空会喜欢的...
[96/138] Chương 96: 夏侯空的迷魂汤·想要大人...
[97/138] Chương 97: 轻着呢·第一次被夏侯空操...
[98/138] Chương 98: 夏侯空编的瞎话...
[99/138] Chương 99: 湿女的任务·插了她五十下还不湿...
[100/138] Chương 100: 艰巨任务·被干到脚趾...
[101/138] Chương 101: 想舒服就快些出水...
[102/138] Chương 102: 新到一位人妇奴·邢露...
[103/138] Chương 103: 龙头钻胞宫·主动让他射进肚子里...
[104/138] Chương 104: 缠着夏侯空交欢·夫君...
[105/138] Chương 105: 当众被开后苞·他要为倪若赎身...
[106/138] Chương 106: 指望他会娶你?...
[107/138] Chương 107: 知道我是王爷，连叫床都不敢叫...
[108/138] Chương 108: 快像平日一样叫出来·明晚出逃...
[109/138] Chương 109: 我当然不会放你走...
[110/138] Chương 110: 最后一吻·出逃被...
[111/138] Chương 111: 何娇娇的陷害...
[112/138] Chương 112: 他被她耍得彻底...
[113/138] Chương 113: 活鱼塞穴·亲手处...
[114/138] Chương 114: 现在就成全你...
[115/138] Chương 115: 最难熬的刑罚...
[116/138] Chương 116: 穿乳环·想被哪个野男人破处？...
[117/138] Chương 117: 回来守着她·什么苦衷？...
[118/138] Chương 118: 觍着脸主动找她·全是贺礼...
[119/138] Chương 119: 夜空下的初吻·做我的女人...
[120/138] Chương 120: 花园欢爱·你又紧了...
[121/138] Chương 121: 何娇娇受刑(上)...
[122/138] Chương 122: 该算算你的账...
[123/138] Chương 123: 被操死的绝世尤物...
[124/138] Chương 124: 暂避榕城·把倪若送给四...
[125/138] Chương 125: 恼怒下的交欢·别再说离...
[126/138] Chương 126: 皇城巨变·两个月后...
[127/138] Chương 127: 废除处女调教部·与你不离不弃...
[128/138] Chương 128: 【结局上篇】安若郡主...
[129/138] Chương 129: 【结局下篇】你怀了？·终为一体，共赴韶华...
[130/138] Chương 130: 后记|番外、姐妹篇、未来开坑...
[131/138] Chương 131: 【婚后番外一】强行检查...
[132/138] Chương 132: 【婚后番外二】新秘药·这奶少了...
[133/138] Chương 133: 【婚后番外三】心病·因王爷而欢喜...
[134/138] Chương 134: 【婚后番外四】夏侯空见妻心...
[135/138] Chương 135: 【婚后番外五】领教过她的"厉害"·伺候他...
[136/138] Chương 136: 【婚后番外六】孕交|求欢·夫君轻点就好...
[137/138] Chương 137: 【婚后番外七】孕交|乖乖让他...
[138/138] Chương 138: 【婚后番外八】孕交|夫君插深点·轻撞孕宫口...

Xong. Đã ghi /Users/dolananh/Desktop/Novel/fullTQ.md (138 chương).
